// Jest Snapshot v1, https://goo.gl/fbAQLP

exports[`should be pretty after formatting 1`] = `
"
<<<<<< before
console.log('quotes');

======
console.log(\\"quotes\\");

>>>>>> after
"
`;

exports[`should fail before formatting 1`] = `
"ERROR: (quotemark) /rules/tslint/quotemark/test.ts[1, 13]: ' should be \\"
"
`;
