// Jest Snapshot v1, https://goo.gl/fbAQLP

exports[`should be pretty after formatting 1`] = `
"
<<<<<< before
console.log('->');     

======
console.log(\\"->\\");

>>>>>> after
"
`;

exports[`should fail before formatting 1`] = `
"ERROR: (no-trailing-whitespace) /rules/tslint/no-trailing-whitespace/test.ts[1, 19]: trailing whitespace
"
`;
