// Jest Snapshot v1, https://goo.gl/fbAQLP

exports[`should be pretty after formatting 1`] = `
"
<<<<<< before
if(true){

}

======
if (true) {
}

>>>>>> after
"
`;

exports[`should fail before formatting 1`] = `
"ERROR: (whitespace) /rules/tslint/whitespace/test.ts[1, 9]: missing whitespace
ERROR: (whitespace) /rules/tslint/whitespace/test.ts[1, 3]: missing whitespace
"
`;
