// Jest Snapshot v1, https://goo.gl/fbAQLP

exports[`should be pretty after formatting 1`] = `
"
<<<<<< before
console.log (42);

======
console.log(42);

>>>>>> after
"
`;

exports[`should fail before formatting 1`] = `
"ERROR: (ter-func-call-spacing) /rules/tslint-eslint-rules/ter-func-call-spacing/test.ts[1, 12]: Unexpected space between function name and paren.
"
`;
