// Jest Snapshot v1, https://goo.gl/fbAQLP

exports[`should be pretty after formatting 1`] = `
"
<<<<<< before
const bad = <Foo bar
    car
/>;

======
const bad = <Foo bar car />;

>>>>>> after
"
`;

exports[`should fail before formatting 1`] = `
"ERROR: (jsx-alignment) /rules/tslint-react/jsx-alignment/test.tsx[1, 18]: JSX attributes must be on a line below the opening tag
ERROR: (jsx-alignment) /rules/tslint-react/jsx-alignment/test.tsx[2, 5]: JSX attributes must be on their own line and vertically aligned
"
`;
